
> frontend@0.1.0 build
> next build

  Γû▓ Next.js 14.2.35

   Creating an optimized production build ...
node.exe : Failed to 
compile.
At C:\Program 
Files\nodejs\npm.ps1:29 
char:3
+   & $NODE_EXE $NPM_CLI_JS 
$args
+   ~~~~~~~~~~~~~~~~~~~~~~~~
~~~~~
    + CategoryInfo          
    : NotSpecified: (Faile  
  d to compile.:String) [   
 ], RemoteException
    + FullyQualifiedErrorId 
    : NativeCommandError
 

./app/globals.css.webpack[ja
vascript/auto]!=!./node_modu
les/next/dist/build/webpack/
loaders/css-loader/src/index
.js??ruleSet[1].rules[14].on
eOf[12].use[2]!./node_module
s/next/dist/build/webpack/lo
aders/postcss-loader/src/ind
ex.js??ruleSet[1].rules[14].
oneOf[12].use[3]!./app/globa
ls.css
Error: Cannot find module 
'tailwindcss-animate'
Require stack:
- C:\Users\rahul\.gemini\ant
igravity\scratch\antigravity
\frontend\tailwind.config.ts
    at Function.<anonymous> 
(node:internal/modules/cjs/l
oader:1401:15)
    at C:\Users\rahul\.gemin
i\antigravity\scratch\antigr
avity\frontend\node_modules\
next\dist\server\require-hoo
k.js:55:36
    at Function.resolve (nod
e:internal/modules/helpers:1
45:19)
    at _resolve (C:\Users\ra
hul\.gemini\antigravity\scra
tch\antigravity\frontend\nod
e_modules\tailwindcss\node_m
odules\jiti\dist\jiti.js:1:2
46378)
    at jiti (C:\Users\rahul\
.gemini\antigravity\scratch\
antigravity\frontend\node_mo
dules\tailwindcss\node_modul
es\jiti\dist\jiti.js:1:24909
2)
    at C:\Users\rahul\.gemin
i\antigravity\scratch\antigr
avity\frontend\tailwind.conf
ig.ts:61:13
    at evalModule (C:\Users\
rahul\.gemini\antigravity\sc
ratch\antigravity\frontend\n
ode_modules\tailwindcss\node
_modules\jiti\dist\jiti.js:1
:251913)
    at jiti (C:\Users\rahul\
.gemini\antigravity\scratch\
antigravity\frontend\node_mo
dules\tailwindcss\node_modul
es\jiti\dist\jiti.js:1:24984
1)
    at C:\Users\rahul\.gemin
i\antigravity\scratch\antigr
avity\frontend\node_modules\
tailwindcss\lib\lib\load-con
fig.js:53:30
    at loadConfig (C:\Users\
rahul\.gemini\antigravity\sc
ratch\antigravity\frontend\n
ode_modules\tailwindcss\lib\
lib\load-config.js:55:6)

Import trace for requested 
module:
./app/globals.css.webpack[ja
vascript/auto]!=!./node_modu
les/next/dist/build/webpack/
loaders/css-loader/src/index
.js??ruleSet[1].rules[14].on
eOf[12].use[2]!./node_module
s/next/dist/build/webpack/lo
aders/postcss-loader/src/ind
ex.js??ruleSet[1].rules[14].
oneOf[12].use[3]!./app/globa
ls.css
./app/globals.css

./app/globals.css
Error: Cannot find module 
'tailwindcss-animate'
Require stack:
- C:\Users\rahul\.gemini\ant
igravity\scratch\antigravity
\frontend\tailwind.config.ts
    at Function.<anonymous> 
(node:internal/modules/cjs/l
oader:1401:15)
    at C:\Users\rahul\.gemin
i\antigravity\scratch\antigr
avity\frontend\node_modules\
next\dist\server\require-hoo
k.js:55:36
    at Function.resolve (nod
e:internal/modules/helpers:1
45:19)
    at _resolve (C:\Users\ra
hul\.gemini\antigravity\scra
tch\antigravity\frontend\nod
e_modules\tailwindcss\node_m
odules\jiti\dist\jiti.js:1:2
46378)
    at jiti (C:\Users\rahul\
.gemini\antigravity\scratch\
antigravity\frontend\node_mo
dules\tailwindcss\node_modul
es\jiti\dist\jiti.js:1:24909
2)
    at C:\Users\rahul\.gemin
i\antigravity\scratch\antigr
avity\frontend\tailwind.conf
ig.ts:61:13
    at evalModule (C:\Users\
rahul\.gemini\antigravity\sc
ratch\antigravity\frontend\n
ode_modules\tailwindcss\node
_modules\jiti\dist\jiti.js:1
:251913)
    at jiti (C:\Users\rahul\
.gemini\antigravity\scratch\
antigravity\frontend\node_mo
dules\tailwindcss\node_modul
es\jiti\dist\jiti.js:1:24984
1)
    at C:\Users\rahul\.gemin
i\antigravity\scratch\antigr
avity\frontend\node_modules\
tailwindcss\lib\lib\load-con
fig.js:53:30
    at loadConfig (C:\Users\
rahul\.gemini\antigravity\sc
ratch\antigravity\frontend\n
ode_modules\tailwindcss\lib\
lib\load-config.js:55:6)
    at tryRunOrWebpackError 
(C:\Users\rahul\.gemini\anti
gravity\scratch\antigravity\
frontend\node_modules\next\d
ist\compiled\webpack\bundle5
.js:28:312989)
    at 
__webpack_require_module__ (
C:\Users\rahul\.gemini\antig
ravity\scratch\antigravity\f
rontend\node_modules\next\di
st\compiled\webpack\bundle5.
js:28:131165)
    at __nested_webpack_requ
ire_153728__ (C:\Users\rahul
\.gemini\antigravity\scratch
\antigravity\frontend\node_m
odules\next\dist\compiled\we
bpack\bundle5.js:28:130607)
    at C:\Users\rahul\.gemin
i\antigravity\scratch\antigr
avity\frontend\node_modules\
next\dist\compiled\webpack\b
undle5.js:28:131454
    at symbolIterator (C:\Us
ers\rahul\.gemini\antigravit
y\scratch\antigravity\fronte
nd\node_modules\next\dist\co
mpiled\neo-async\async.js:1:
14444)
    at done (C:\Users\rahul\
.gemini\antigravity\scratch\
antigravity\frontend\node_mo
dules\next\dist\compiled\neo
-async\async.js:1:14824)
    at Hook.eval [as 
callAsync] (eval at create (
C:\Users\rahul\.gemini\antig
ravity\scratch\antigravity\f
rontend\node_modules\next\di
st\compiled\webpack\bundle5.
js:13:28858), 
<anonymous>:15:1)
    at 
Hook.CALL_ASYNC_DELEGATE 
[as _callAsync] (C:\Users\ra
hul\.gemini\antigravity\scra
tch\antigravity\frontend\nod
e_modules\next\dist\compiled
\webpack\bundle5.js:13:26012
)
    at C:\Users\rahul\.gemin
i\antigravity\scratch\antigr
avity\frontend\node_modules\
next\dist\compiled\webpack\b
undle5.js:28:130328
    at symbolIterator (C:\Us
ers\rahul\.gemini\antigravit
y\scratch\antigravity\fronte
nd\node_modules\next\dist\co
mpiled\neo-async\async.js:1:
14402)
-- inner error --
Error: Cannot find module 
'tailwindcss-animate'
Require stack:
- C:\Users\rahul\.gemini\ant
igravity\scratch\antigravity
\frontend\tailwind.config.ts
    at Function.<anonymous> 
(node:internal/modules/cjs/l
oader:1401:15)
    at C:\Users\rahul\.gemin
i\antigravity\scratch\antigr
avity\frontend\node_modules\
next\dist\server\require-hoo
k.js:55:36
    at Function.resolve (nod
e:internal/modules/helpers:1
45:19)
    at _resolve (C:\Users\ra
hul\.gemini\antigravity\scra
tch\antigravity\frontend\nod
e_modules\tailwindcss\node_m
odules\jiti\dist\jiti.js:1:2
46378)
    at jiti (C:\Users\rahul\
.gemini\antigravity\scratch\
antigravity\frontend\node_mo
dules\tailwindcss\node_modul
es\jiti\dist\jiti.js:1:24909
2)
    at C:\Users\rahul\.gemin
i\antigravity\scratch\antigr
avity\frontend\tailwind.conf
ig.ts:61:13
    at evalModule (C:\Users\
rahul\.gemini\antigravity\sc
ratch\antigravity\frontend\n
ode_modules\tailwindcss\node
_modules\jiti\dist\jiti.js:1
:251913)
    at jiti (C:\Users\rahul\
.gemini\antigravity\scratch\
antigravity\frontend\node_mo
dules\tailwindcss\node_modul
es\jiti\dist\jiti.js:1:24984
1)
    at C:\Users\rahul\.gemin
i\antigravity\scratch\antigr
avity\frontend\node_modules\
tailwindcss\lib\lib\load-con
fig.js:53:30
    at loadConfig (C:\Users\
rahul\.gemini\antigravity\sc
ratch\antigravity\frontend\n
ode_modules\tailwindcss\lib\
lib\load-config.js:55:6)
    at Object.<anonymous> (C
:\Users\rahul\.gemini\antigr
avity\scratch\antigravity\fr
ontend\node_modules\next\dis
t\build\webpack\loaders\css-
loader\src\index.js??ruleSet
[1].rules[14].oneOf[12].use[
2]!C:\Users\rahul\.gemini\an
tigravity\scratch\antigravit
y\frontend\node_modules\next
\dist\build\webpack\loaders\
postcss-loader\src\index.js?
?ruleSet[1].rules[14].oneOf[
12].use[3]!C:\Users\rahul\.g
emini\antigravity\scratch\an
tigravity\frontend\app\globa
ls.css:1:7)
    at C:\Users\rahul\.gemin
i\antigravity\scratch\antigr
avity\frontend\node_modules\
next\dist\compiled\webpack\b
undle5.js:28:922493
    at Hook.eval [as call] 
(eval at create (C:\Users\ra
hul\.gemini\antigravity\scra
tch\antigravity\frontend\nod
e_modules\next\dist\compiled
\webpack\bundle5.js:13:28636
), <anonymous>:7:1)
    at Hook.CALL_DELEGATE 
[as _call] (C:\Users\rahul\.
gemini\antigravity\scratch\a
ntigravity\frontend\node_mod
ules\next\dist\compiled\webp
ack\bundle5.js:13:25906)
    at C:\Users\rahul\.gemin
i\antigravity\scratch\antigr
avity\frontend\node_modules\
next\dist\compiled\webpack\b
undle5.js:28:131198
    at tryRunOrWebpackError 
(C:\Users\rahul\.gemini\anti
gravity\scratch\antigravity\
frontend\node_modules\next\d
ist\compiled\webpack\bundle5
.js:28:312943)
    at 
__webpack_require_module__ (
C:\Users\rahul\.gemini\antig
ravity\scratch\antigravity\f
rontend\node_modules\next\di
st\compiled\webpack\bundle5.
js:28:131165)
    at __nested_webpack_requ
ire_153728__ (C:\Users\rahul
\.gemini\antigravity\scratch
\antigravity\frontend\node_m
odules\next\dist\compiled\we
bpack\bundle5.js:28:130607)
    at C:\Users\rahul\.gemin
i\antigravity\scratch\antigr
avity\frontend\node_modules\
next\dist\compiled\webpack\b
undle5.js:28:131454
    at symbolIterator (C:\Us
ers\rahul\.gemini\antigravit
y\scratch\antigravity\fronte
nd\node_modules\next\dist\co
mpiled\neo-async\async.js:1:
14444)

Generated code for C:\Users\
rahul\.gemini\antigravity\sc
ratch\antigravity\frontend\n
ode_modules\next\dist\build\
webpack\loaders\css-loader\s
rc\index.js??ruleSet[1].rule
s[14].oneOf[12].use[2]!C:\Us
ers\rahul\.gemini\antigravit
y\scratch\antigravity\fronte
nd\node_modules\next\dist\bu
ild\webpack\loaders\postcss-
loader\src\index.js??ruleSet
[1].rules[14].oneOf[12].use[
3]!C:\Users\rahul\.gemini\an
tigravity\scratch\antigravit
y\frontend\app\globals.css

Import trace for requested 
module:
./app/globals.css


> Build failed because of 
webpack errors
